{
  "name": "Run Go App",
  "type": "go",
  "request": "launch",
  "program": ".",
  "args": [
    "run",
    ".",
    "--verbose",
    "--output",
    "result.txt"
  ],
  "cwd": "${workspaceFolder}",
  "env": {
    "DEBUG": "true",
    "GO_ENV": "development"
  }
}