{
  "name": "Node.js App",
  "type": "node",
  "request": "launch",
  "program": "${workspaceFolder}/src/index.js",
  "args": [
    "$PROJECT_DIR$/src/index.js",
    "--env",
    "development",
    "--port",
    "3000"
  ],
  "cwd": "${workspaceFolder}",
  "env": {
    "DEBUG": "app:*",
    "NODE_ENV": "development"
  }
}